Running Gradle task 'bundleRelease'...                          
flutter : ERROR: C:\Users\Blurryjake\Documents\Proyectos\Test 
BankGo\BankGo\android\app\obfuscation_dictionary.txt: R8: 
java.nio.file.NoSuchFileException: 
C:\Users\Blurryjake\Documents\Proyectos\Test 
BankGo\BankGo\android\app\obfuscation_dictionary.txt
En línea: 1 Carácter: 67
+ ... o\BankGo" ; flutter build appbundle --release > build_output.txt 2>&1 ...
+                 ~~~~~~~~~~~~~~~~~~~~~~~~~~~~~~~~~~~~~~~~~~~~~~~~~~~~~~~~~
    + CategoryInfo          : NotSpecified: (ERROR: C:\Users..._dictionary.txt 
   :String) [], RemoteException
    + FullyQualifiedErrorId : NativeCommandError
 
ERROR: C:\Users\Blurryjake\Documents\Proyectos\Test 
BankGo\BankGo\android\app\obfuscation_dictionary.txt: R8: 
java.nio.file.NoSuchFileException: 
C:\Users\Blurryjake\Documents\Proyectos\Test 
BankGo\BankGo\android\app\obfuscation_dictionary.txt

FAILURE: Build failed with an exception.

* What went wrong:
Execution failed for task ':app:minifyReleaseWithR8'.
> A failure occurred while executing 
com.android.build.gradle.internal.tasks.R8Task$R8Runnable
   > Compilation failed to complete, origin: 
C:\Users\Blurryjake\Documents\Proyectos\Test 
BankGo\BankGo\android\app\obfuscation_dictionary.txt

* Try:
> Run with --stacktrace option to get the stack trace.
> Run with --info or --debug option to get more log output.
> Run with --scan to get full insights.
> Get more help at https://help.gradle.org.

BUILD FAILED in 4s
Running Gradle task 'bundleRelease'...                              4,6s
Gradle task bundleRelease failed with exit code 1
